This is pdfTeX, Version 3.14159265-2.6-1.40.19 (TeX Live 2018/W32TeX) (preloaded format=pdflatex 2019.3.18)  23 AUG 2019 05:24
entering extended mode
 restricted \write18 enabled.
 file:line:error style messages enabled.
 %&-line parsing enabled.
**d:/UniversityRelated/FinalDissertation/OJNDissertation/test.tex
(d:/UniversityRelated/FinalDissertation/OJNDissertation/test.tex
LaTeX2e <2018-12-01>
(e:/Program Files/texlive/2018/texmf-dist/tex/latex/base/article.cls
Document Class: article 2018/09/03 v1.4i Standard LaTeX document class
(e:/Program Files/texlive/2018/texmf-dist/tex/latex/base/size12.clo
File: size12.clo 2018/09/03 v1.4i Standard LaTeX file (size option)
)
\c@part=\count80
\c@section=\count81
\c@subsection=\count82
\c@subsubsection=\count83
\c@paragraph=\count84
\c@subparagraph=\count85
\c@figure=\count86
\c@table=\count87
\abovecaptionskip=\skip41
\belowcaptionskip=\skip42
\bibindent=\dimen102
)

LaTeX Warning: Unused global option(s):
    [english].

(d:/UniversityRelated/FinalDissertation/OJNDissertation/test.aux)
\openout1 = `test.aux'.

LaTeX Font Info:    Checking defaults for OML/cmm/m/it on input line 3.
LaTeX Font Info:    ... okay on input line 3.
LaTeX Font Info:    Checking defaults for T1/cmr/m/n on input line 3.
LaTeX Font Info:    ... okay on input line 3.
LaTeX Font Info:    Checking defaults for OT1/cmr/m/n on input line 3.
LaTeX Font Info:    ... okay on input line 3.
LaTeX Font Info:    Checking defaults for OMS/cmsy/m/n on input line 3.
LaTeX Font Info:    ... okay on input line 3.
LaTeX Font Info:    Checking defaults for OMX/cmex/m/n on input line 3.
LaTeX Font Info:    ... okay on input line 3.
LaTeX Font Info:    Checking defaults for U/cmr/m/n on input line 3.
LaTeX Font Info:    ... okay on input line 3.
 (d:/UniversityRelated/FinalDissertation/OJNDissertation/test.toc)
\tf@toc=\write3
\openout3 = `test.toc'.

 [1

{e:/Program Files/texlive/2018/texmf-var/fonts/map/pdftex/updmap/pdftex.map}] [2] [3] [4] (d:/UniversityRelated/FinalDissertation/OJNDissertation/test.aux) ) 
Here is how much of TeX's memory you used:
 214 strings out of 492616
 2887 string characters out of 6126076
 59869 words of memory out of 5000000
 4205 multiletter control sequences out of 15000+600000
 4851 words of font info for 18 fonts, out of 8000000 for 9000
 1141 hyphenation exceptions out of 8191
 22i,4n,22p,184b,109s stack positions out of 5000i,500n,10000p,200000b,80000s
<e:/Program Files/texlive/2018/texmf-dist/fonts/type1/public/amsfonts/cm/cmbx12.pfb><e:/Program Files/texlive/2018/texmf-dist/fonts/type1/public/amsfonts/cm/cmr12.pfb>
Output written on d:/UniversityRelated/FinalDissertation/OJNDissertation/test.pdf (4 pages, 19415 bytes).
PDF statistics:
 25 PDF objects out of 1000 (max. 8388607)
 16 compressed objects within 1 object stream
 0 named destinations out of 1000 (max. 500000)
 1 words of extra memory for PDF output out of 10000 (max. 10000000)

